create_table city
create_table person
add_field city name string
add_field person name string
add_field person city references city
add_field person bio blob
insert_into city 0
update city 0 name "Paris"
insert_into city 1
update city 1 name "Lille"
insert_into city 14
update city 14 name "Pétaouchnok"
insert_into person 0
update person 0 name "Rémi"
update person 0 city 1
update person 0 bio 43,15
insert_into person 1
update person 1 name "Norbert"
update person 1 city 1
update person 1 bio 43,15
insert_into person 2
update person 2 name "Alexandre"
update person 2 city 14
update person 2 bio 43,15
drop_table city
drop_table person
create_table test
add_field test a int32
add_field test b int64
insert_into test 0
update test 0 a 1234
update test 0 b 5678
add_field test d string
add_field test e boolean
drop_field test a
insert_into test 1
update test 1 b 3
update test 1 d "4"
update test 1 e false
delete_from test 1
update test 0 b 56789
create_table ref
add_field ref ref references test
drop_table test
drop_table ref
create_table alltypes
add_field alltypes s string
add_field alltypes i32 int32
add_field alltypes i64 int64
add_field alltypes ref references alltypes
add_field alltypes b boolean
add_field alltypes f float32
add_field alltypes d float64
add_field alltypes o int8
add_field alltypes oulala int16
insert_into alltypes 0
update alltypes 0 s "toto"
update alltypes 0 i32 123456789
update alltypes 0 i64 123456789123456789
update alltypes 0 ref 1
update alltypes 0 b true
update alltypes 0 f 3.14
update alltypes 0 d 3.14159
update alltypes 0 o 42
update alltypes 0 oulala 12345
custom toto_le_petit_rigolo
rename_table alltypes all_types
rename_field all_types s str
create_table float
add_field float value float32
insert_vector float 0 5
update float 0 value 0.1
update float 1 value 0.2
update float 2 value 0.3
update float 3 value 0.4
update float 4 value 0.5
create_table toto
add_field toto value string
insert_vector toto 2 1
insert_vector toto 4 1
update toto 2 value "toto"
insert_vector float 5 20
delete_vector float 10 10


