timestamp 1234567890 2009-02-13 23:31:30 GMT
comment "This is a comment. これは日本語です。"
valid_data
