OK: create table city; table_id = 1
OK: create table person; table_id = 2
OK: add_field name; field_id = 1
OK: add_field name; field_id = 1
OK: add_field city; field_id = 2
OK: inserted record, id = 1
OK: inserted record, id = 2
OK: inserted record, id = 1
OK: inserted record, id = 2
OK: inserted record, id = 3
create_table city # id = 1
create_table person # id = 2
add_field city name string # id = 1; index = 0
add_field person name string # id = 1; index = 0
add_field person city references city # id = 2; index = 1
insert_into city 1 Paris
insert_into city 2 Lille
insert_into person 1 RÃ©mi 2
insert_into person 2 Norbert 2
insert_into person 3 Alexandre 1
OK: dropped table 1
OK: dropped table 2
OK: create table test; table_id = 3
OK: add_field a; field_id = 1
OK: add_field b; field_id = 2
Error: unknown type
OK: add_field c; field_id = 3
Error: no such table: qsdfqsdf
Error: could not drop table
Error: unknown command: qsdfqsdf
OK: inserted record, id = 1
Error: record already exists
OK: add_field d; field_id = 4
create_table test # id = 3
add_field test a int32 # id = 1; index = 0
add_field test b int64 # id = 2; index = 1
add_field test c string # id = 3; index = 2
add_field test d string # id = 4; index = 3
insert_into test 1 1234 5678  NULL
Error: no such field: qsdfqsdf
OK: dropped field a
OK: inserted record, id = 2
OK: record number 2 deleted
Error: could not delete record 123
create_table test # id = 3
add_field test b int64 # id = 2; index = 0
add_field test c string # id = 3; index = 1
add_field test d string # id = 4; index = 2
insert_into test 1 5678  NULL
OK: create table ref; table_id = 4
OK: add_field ref; field_id = 1
OK: dropped table 3
create_table ref # id = 4
add_field ref ref references a_deleted_table # id = 1; index = 0
